[FILE] /home/anone/pico-projects/data/line-e/2026-06-21/line-e_2026-06-21_15-05-09.h5 (new)
[INIT] channel=line-e node=1 sensor_odr=250Hz output_odr=125Hz range=2g high_pass=0 fifo_watermark=30 start_seq=72777632
[REC] t=     0.9s samples=96 rate=  101.1 samples/s
  node=1 written=96 next=72777728 bursts_ok=1 no_data=0 failed=0 gaps=0 sensor_loss=0 rx_ovf=0 pkt_ovf=0 totals=(0/0/465)
[REC] t=     2.2s samples=256 rate=  117.1 samples/s
  node=1 written=256 next=72777888 bursts_ok=6 no_data=0 failed=0 gaps=0 sensor_loss=0 rx_ovf=0 pkt_ovf=0 totals=(0/0/465)
[REC] t=     3.4s samples=416 rate=  121.6 samples/s
  node=1 written=416 next=72778048 bursts_ok=11 no_data=0 failed=0 gaps=0 sensor_loss=0 rx_ovf=0 pkt_ovf=0 totals=(0/0/465)
[REC] t=     4.4s samples=544 rate=  122.3 samples/s
  node=1 written=544 next=72778176 bursts_ok=15 no_data=1 failed=0 gaps=0 sensor_loss=0 rx_ovf=0 pkt_ovf=0 totals=(0/0/465)
[REC] t=     5.5s samples=672 rate=  122.8 samples/s
  node=1 written=672 next=72778304 bursts_ok=19 no_data=1 failed=0 gaps=0 sensor_loss=0 rx_ovf=0 pkt_ovf=0 totals=(0/0/465)
[REC] t=     6.7s samples=832 rate=  124.0 samples/s
  node=1 written=832 next=72778464 bursts_ok=24 no_data=1 failed=0 gaps=0 sensor_loss=0 rx_ovf=0 pkt_ovf=0 totals=(0/0/465)
[REC] t=     7.7s samples=960 rate=  124.1 samples/s
  node=1 written=960 next=72778592 bursts_ok=28 no_data=2 failed=0 gaps=0 sensor_loss=0 rx_ovf=0 pkt_ovf=0 totals=(0/0/465)
[REC] t=     8.8s samples=1088 rate=  124.0 samples/s
  node=1 written=1088 next=72778720 bursts_ok=32 no_data=3 failed=0 gaps=0 sensor_loss=0 rx_ovf=0 pkt_ovf=0 totals=(0/0/465)
[REC] t=    10.0s samples=1248 rate=  124.7 samples/s
  node=1 written=1248 next=72778880 bursts_ok=37 no_data=3 failed=0 gaps=0 sensor_loss=0 rx_ovf=0 pkt_ovf=0 totals=(0/0/465)
[REC] t=    11.1s samples=1376 rate=  124.3 samples/s
  node=1 written=1376 next=72779008 bursts_ok=41 no_data=4 failed=0 gaps=0 sensor_loss=0 rx_ovf=0 pkt_ovf=0 totals=(0/0/465)
[REC] t=    12.1s samples=1504 rate=  124.3 samples/s
  node=1 written=1504 next=72779136 bursts_ok=45 no_data=5 failed=0 gaps=0 sensor_loss=0 rx_ovf=0 pkt_ovf=0 totals=(0/0/465)
[REC] t=    13.1s samples=1632 rate=  124.3 samples/s
  node=1 written=1632 next=72779264 bursts_ok=49 no_data=6 failed=0 gaps=0 sensor_loss=0 rx_ovf=0 pkt_ovf=0 totals=(0/0/465)
[REC] t=    14.4s samples=1792 rate=  124.7 samples/s
  node=1 written=1792 next=72779424 bursts_ok=54 no_data=6 failed=0 gaps=0 sensor_loss=0 rx_ovf=0 pkt_ovf=0 totals=(0/0/465)
[REC] t=    15.4s samples=1920 rate=  124.4 samples/s
  node=1 written=1920 next=72779552 bursts_ok=58 no_data=7 failed=0 gaps=0 sensor_loss=0 rx_ovf=0 pkt_ovf=0 totals=(0/0/465)
[REC] t=    16.4s samples=2048 rate=  124.7 samples/s
  node=1 written=2048 next=72779680 bursts_ok=62 no_data=7 failed=0 gaps=0 sensor_loss=0 rx_ovf=0 pkt_ovf=0 totals=(0/0/465)
[REC] t=    17.5s samples=2176 rate=  124.7 samples/s
  node=1 written=2176 next=72779808 bursts_ok=66 no_data=8 failed=0 gaps=0 sensor_loss=0 rx_ovf=0 pkt_ovf=0 totals=(0/0/465)
[REC] t=    18.5s samples=2304 rate=  124.7 samples/s
  node=1 written=2304 next=72779936 bursts_ok=70 no_data=9 failed=0 gaps=0 sensor_loss=0 rx_ovf=0 pkt_ovf=0 totals=(0/0/465)
[REC] t=    19.5s samples=2432 rate=  124.6 samples/s
  node=1 written=2432 next=72780064 bursts_ok=74 no_data=10 failed=0 gaps=0 sensor_loss=0 rx_ovf=0 pkt_ovf=0 totals=(0/0/465)
[REC] t=    20.8s samples=2592 rate=  124.8 samples/s
  node=1 written=2592 next=72780224 bursts_ok=79 no_data=10 failed=0 gaps=0 sensor_loss=0 rx_ovf=0 pkt_ovf=0 totals=(0/0/465)
[REC] t=    22.0s samples=2752 rate=  125.0 samples/s
  node=1 written=2752 next=72780384 bursts_ok=84 no_data=10 failed=0 gaps=0 sensor_loss=0 rx_ovf=0 pkt_ovf=0 totals=(0/0/465)
[REC] t=    23.0s samples=2880 rate=  125.0 samples/s
  node=1 written=2880 next=72780512 bursts_ok=88 no_data=11 failed=0 gaps=0 sensor_loss=0 rx_ovf=0 pkt_ovf=0 totals=(0/0/465)
