[FILE] /home/anone/pico-projects/data/line-c/2026-06-21/line-c_2026-06-21_15-05-09.h5 (new)
[INIT] channel=line-c node=1 sensor_odr=250Hz output_odr=125Hz range=2g high_pass=0 fifo_watermark=30 start_seq=68425824
[REC] t=     0.8s samples=64 rate=   76.4 samples/s
  node=1 written=64 next=68425888 bursts_ok=1 no_data=0 failed=0 gaps=0 sensor_loss=0 rx_ovf=0 pkt_ovf=0 totals=(0/0/10907)
[REC] t=     2.1s samples=224 rate=  108.1 samples/s
  node=1 written=224 next=68426048 bursts_ok=6 no_data=0 failed=0 gaps=0 sensor_loss=0 rx_ovf=0 pkt_ovf=0 totals=(0/0/10907)
[REC] t=     3.3s samples=384 rate=  115.9 samples/s
  node=1 written=384 next=68426208 bursts_ok=11 no_data=0 failed=0 gaps=0 sensor_loss=0 rx_ovf=0 pkt_ovf=0 totals=(0/0/10907)
[REC] t=     4.5s samples=544 rate=  119.7 samples/s
  node=1 written=544 next=68426368 bursts_ok=16 no_data=0 failed=0 gaps=0 sensor_loss=0 rx_ovf=0 pkt_ovf=0 totals=(0/0/10907)
[REC] t=     5.6s samples=672 rate=  120.8 samples/s
  node=1 written=672 next=68426496 bursts_ok=20 no_data=0 failed=0 gaps=0 sensor_loss=0 rx_ovf=0 pkt_ovf=0 totals=(0/0/10907)
[REC] t=     6.6s samples=800 rate=  121.3 samples/s
  node=1 written=800 next=68426624 bursts_ok=24 no_data=1 failed=0 gaps=0 sensor_loss=0 rx_ovf=0 pkt_ovf=0 totals=(0/0/10907)
[REC] t=     7.8s samples=960 rate=  122.7 samples/s
  node=1 written=960 next=68426784 bursts_ok=29 no_data=1 failed=0 gaps=0 sensor_loss=0 rx_ovf=0 pkt_ovf=0 totals=(0/0/10907)
[REC] t=     8.9s samples=1088 rate=  122.7 samples/s
  node=1 written=1088 next=68426912 bursts_ok=33 no_data=2 failed=0 gaps=0 sensor_loss=0 rx_ovf=0 pkt_ovf=0 totals=(0/0/10907)
[REC] t=     9.9s samples=1216 rate=  122.8 samples/s
  node=1 written=1216 next=68427040 bursts_ok=37 no_data=3 failed=0 gaps=0 sensor_loss=0 rx_ovf=0 pkt_ovf=0 totals=(0/0/10907)
[REC] t=    10.9s samples=1344 rate=  123.0 samples/s
  node=1 written=1344 next=68427168 bursts_ok=41 no_data=3 failed=0 gaps=0 sensor_loss=0 rx_ovf=0 pkt_ovf=0 totals=(0/0/10907)
[REC] t=    12.0s samples=1472 rate=  123.2 samples/s
  node=1 written=1472 next=68427296 bursts_ok=45 no_data=4 failed=0 gaps=0 sensor_loss=0 rx_ovf=0 pkt_ovf=0 totals=(0/0/10907)
[REC] t=    13.0s samples=1600 rate=  123.3 samples/s
  node=1 written=1600 next=68427424 bursts_ok=49 no_data=5 failed=0 gaps=0 sensor_loss=0 rx_ovf=0 pkt_ovf=0 totals=(0/0/10907)
[REC] t=    14.2s samples=1760 rate=  123.8 samples/s
  node=1 written=1760 next=68427584 bursts_ok=54 no_data=5 failed=0 gaps=0 sensor_loss=0 rx_ovf=0 pkt_ovf=0 totals=(0/0/10907)
[REC] t=    15.3s samples=1888 rate=  123.3 samples/s
  node=1 written=1888 next=68427712 bursts_ok=58 no_data=7 failed=0 gaps=0 sensor_loss=0 rx_ovf=0 pkt_ovf=0 totals=(0/0/10907)
[REC] t=    16.3s samples=2016 rate=  123.7 samples/s
  node=1 written=2016 next=68427840 bursts_ok=62 no_data=7 failed=0 gaps=0 sensor_loss=0 rx_ovf=0 pkt_ovf=0 totals=(0/0/10907)
[REC] t=    17.5s samples=2176 rate=  124.0 samples/s
  node=1 written=2176 next=68428000 bursts_ok=67 no_data=7 failed=0 gaps=0 sensor_loss=0 rx_ovf=0 pkt_ovf=0 totals=(0/0/10907)
[REC] t=    18.6s samples=2304 rate=  124.1 samples/s
  node=1 written=2304 next=68428128 bursts_ok=71 no_data=8 failed=0 gaps=0 sensor_loss=0 rx_ovf=0 pkt_ovf=0 totals=(0/0/10907)
[REC] t=    19.6s samples=2432 rate=  123.8 samples/s
  node=1 written=2432 next=68428256 bursts_ok=75 no_data=10 failed=0 gaps=0 sensor_loss=0 rx_ovf=0 pkt_ovf=0 totals=(0/0/10907)
[REC] t=    20.7s samples=2560 rate=  123.9 samples/s
  node=1 written=2560 next=68428384 bursts_ok=79 no_data=10 failed=0 gaps=0 sensor_loss=0 rx_ovf=0 pkt_ovf=0 totals=(0/0/10907)
[REC] t=    21.9s samples=2720 rate=  124.3 samples/s
  node=1 written=2720 next=68428544 bursts_ok=84 no_data=10 failed=0 gaps=0 sensor_loss=0 rx_ovf=0 pkt_ovf=0 totals=(0/0/10907)
[REC] t=    22.9s samples=2848 rate=  124.3 samples/s
  node=1 written=2848 next=68428672 bursts_ok=88 no_data=11 failed=0 gaps=0 sensor_loss=0 rx_ovf=0 pkt_ovf=0 totals=(0/0/10907)
